******************************************************************************
                  TI ARM Linker PC v20.2.7                     
******************************************************************************
>> Linked Thu Jan 16 20:38:47 2025

OUTPUT FILE NAME:   <Homework1.out>
ENTRY POINT SYMBOL: "_c_int00_noinit_noargs"  address: 00000811


MEMORY CONFIGURATION

         name            origin    length      used     unused   attr    fill
----------------------  --------  ---------  --------  --------  ----  --------
  FLASH                 00000000   00040000  00000876  0003f78a  R  X
  SRAM                  20000000   00008000  00000200  00007e00  RW X


SEGMENT ALLOCATION MAP

run origin  load origin   length   init length attrs members
----------  ----------- ---------- ----------- ----- -------
00000000    00000000    00000876   00000876    r-x
  00000000    00000000    0000026c   0000026c    r-- .intvecs
  0000026c    0000026c    0000060a   0000060a    r-x .text
20000000    20000000    00000200   00000000    rw-
  20000000    20000000    00000200   00000000    rw- .stack


SECTION ALLOCATION MAP

 output                                  attributes/
section   page    origin      length       input sections
--------  ----  ----------  ----------   ----------------
.intvecs   0    00000000    0000026c     
                  00000000    0000026c     tm4c123gh6pm_startup_ccs.obj (.intvecs)

.text      0    0000026c    0000060a     
                  0000026c    0000028c     lcd.obj (.text)
                  000004f8    0000016c     driverlib.lib : gpio.obj (.text:GPIOPadConfigSet)
                  00000664    000000f4                   : sysctl.obj (.text:SysCtlClockSet)
                  00000758    00000058     main.obj (.text)
                  000007b0    00000034     driverlib.lib : sysctl.obj (.text:SysCtlPeripheralEnable)
                  000007e4    0000002c                   : gpio.obj (.text:GPIODirModeSet)
                  00000810    0000002c     rtsv7M4_T_le_v4SPD16_eabi.lib : boot_cortex_m.c.obj (.text:_c_int00_noinit_noargs:_c_int00_noinit_noargs)
                  0000083c    0000001a     driverlib.lib : gpio.obj (.text:GPIOPinTypeGPIOOutput)
                  00000856    0000000c     tm4c123gh6pm_startup_ccs.obj (.text)
                  00000862    00000006     driverlib.lib : gpio.obj (.text:GPIOPinWrite)
                  00000868    00000006                   : sysctl.obj (.text:SysCtlDelay)
                  0000086e    00000004     rtsv7M4_T_le_v4SPD16_eabi.lib : pre_init.c.obj (.text:_system_pre_init)
                  00000872    00000004                                   : exit.c.obj (.text:abort:abort)

.cinit     0    00000000    00000000     UNINITIALIZED

.init_array 
*          0    00000000    00000000     UNINITIALIZED

.stack     0    20000000    00000200     UNINITIALIZED
                  20000000    00000004     rtsv7M4_T_le_v4SPD16_eabi.lib : boot_cortex_m.c.obj (.stack)
                  20000004    000001fc     --HOLE--

__llvm_prf_cnts 
*          0    20000000    00000000     UNINITIALIZED

MODULE SUMMARY

       Module                         code   ro data   rw data
       ------                         ----   -------   -------
    .\
       lcd.obj                        652    0         0      
       tm4c123gh6pm_startup_ccs.obj   12     620       0      
       main.obj                       88     0         0      
    +--+------------------------------+------+---------+---------+
       Total:                         752    620       0      
                                                              
    C:/ti/TivaWare_C_Series-2.2.0.295/driverlib/ccs/Debug/driverlib.lib
       gpio.obj                       440    0         0      
       sysctl.obj                     302    0         0      
    +--+------------------------------+------+---------+---------+
       Total:                         742    0         0      
                                                              
    C:\ti\ccs1280\ccs\tools\compiler\ti-cgt-arm_20.2.7.LTS\lib\rtsv7M4_T_le_v4SPD16_eabi.lib
       boot_cortex_m.c.obj            44     0         0      
       exit.c.obj                     4      0         0      
       pre_init.c.obj                 4      0         0      
    +--+------------------------------+------+---------+---------+
       Total:                         52     0         0      
                                                              
       Stack:                         0      0         512    
    +--+------------------------------+------+---------+---------+
       Grand Total:                   1546   620       512    


GLOBAL SYMBOLS: SORTED ALPHABETICALLY BY Name 

address   name                   
-------   ----                   
00000873  C$$EXIT                
000007e5  GPIODirModeSet         
000004f9  GPIOPadConfigSet       
0000083d  GPIOPinTypeGPIOOutput  
00000863  GPIOPinWrite           
00000479  Lcd_Goto               
000003f5  Lcd_Putch              
000004d3  Lcd_Puts               
000004c3  Lcd_clear              
0000036f  Lcd_command            
0000026d  Lcd_init               
00000857  ResetISR               
00000665  SysCtlClockSet         
00000869  SysCtlDelay            
000007b1  SysCtlPeripheralEnable 
20000200  __STACK_END            
00000200  __STACK_SIZE           
20000200  __STACK_TOP            
ffffffff  __TI_pprof_out_hndl    
ffffffff  __TI_prof_data_size    
ffffffff  __TI_prof_data_start   
00000000  __TI_static_base__     
ffffffff  __binit__              
ffffffff  __c_args__             
UNDEFED   __mpu_init             
20000000  __stack                
20000000  __start___llvm_prf_cnts
20000000  __stop___llvm_prf_cnts 
00000811  _c_int00_noinit_noargs 
0000086f  _system_pre_init       
00000873  abort                  
ffffffff  binit                  
00000000  g_pfnVectors           
00000759  main                   


GLOBAL SYMBOLS: SORTED BY Symbol Address 

address   name                   
-------   ----                   
00000000  __TI_static_base__     
00000000  g_pfnVectors           
00000200  __STACK_SIZE           
0000026d  Lcd_init               
0000036f  Lcd_command            
000003f5  Lcd_Putch              
00000479  Lcd_Goto               
000004c3  Lcd_clear              
000004d3  Lcd_Puts               
000004f9  GPIOPadConfigSet       
00000665  SysCtlClockSet         
00000759  main                   
000007b1  SysCtlPeripheralEnable 
000007e5  GPIODirModeSet         
00000811  _c_int00_noinit_noargs 
0000083d  GPIOPinTypeGPIOOutput  
00000857  ResetISR               
00000863  GPIOPinWrite           
00000869  SysCtlDelay            
0000086f  _system_pre_init       
00000873  C$$EXIT                
00000873  abort                  
20000000  __stack                
20000000  __start___llvm_prf_cnts
20000000  __stop___llvm_prf_cnts 
20000200  __STACK_END            
20000200  __STACK_TOP            
ffffffff  __TI_pprof_out_hndl    
ffffffff  __TI_prof_data_size    
ffffffff  __TI_prof_data_start   
ffffffff  __binit__              
ffffffff  __c_args__             
ffffffff  binit                  
UNDEFED   __mpu_init             

[34 symbols]
